apiVersion: apps/v1
kind: Deployment
metadata:
  labels:
    app: metadata-writer
<<<<<<< HEAD
    app.kubernetes.io/component: ml-pipeline
    app.kubernetes.io/name: kubeflow-pipelines
=======
>>>>>>> 0dd7b24f049aaff540231bf73fe153c2397be890
  name: metadata-writer
  namespace: kubeflow
spec:
  replicas: 1
  selector:
    matchLabels:
      app: metadata-writer
<<<<<<< HEAD
      app.kubernetes.io/component: ml-pipeline
      app.kubernetes.io/name: kubeflow-pipelines
=======
>>>>>>> 0dd7b24f049aaff540231bf73fe153c2397be890
  template:
    metadata:
      labels:
        app: metadata-writer
<<<<<<< HEAD
        app.kubernetes.io/component: ml-pipeline
        app.kubernetes.io/name: kubeflow-pipelines
=======
>>>>>>> 0dd7b24f049aaff540231bf73fe153c2397be890
    spec:
      containers:
      - env:
        - name: NAMESPACE_TO_WATCH
          valueFrom:
            fieldRef:
              fieldPath: metadata.namespace
<<<<<<< HEAD
        image: gcr.io/ml-pipeline/metadata-writer:1.0.0
=======
        image: gcr.io/ml-pipeline/metadata-writer:1.0.0-rc.2
>>>>>>> 0dd7b24f049aaff540231bf73fe153c2397be890
        name: main
      serviceAccountName: kubeflow-pipelines-metadata-writer
