apiVersion: apps/v1
kind: Deployment
metadata:
  labels:
    app: ml-pipeline-visualizationserver
<<<<<<< HEAD
    app.kubernetes.io/component: ml-pipeline
    app.kubernetes.io/name: kubeflow-pipelines
=======
>>>>>>> 0dd7b24f049aaff540231bf73fe153c2397be890
  name: ml-pipeline-visualizationserver
  namespace: kubeflow
spec:
  selector:
    matchLabels:
      app: ml-pipeline-visualizationserver
<<<<<<< HEAD
      app.kubernetes.io/component: ml-pipeline
      app.kubernetes.io/name: kubeflow-pipelines
=======
>>>>>>> 0dd7b24f049aaff540231bf73fe153c2397be890
  template:
    metadata:
      labels:
        app: ml-pipeline-visualizationserver
<<<<<<< HEAD
        app.kubernetes.io/component: ml-pipeline
        app.kubernetes.io/name: kubeflow-pipelines
    spec:
      containers:
      - image: gcr.io/ml-pipeline/visualization-server:1.0.0
=======
    spec:
      containers:
      - image: gcr.io/ml-pipeline/visualization-server:1.0.0-rc.2
>>>>>>> 0dd7b24f049aaff540231bf73fe153c2397be890
        imagePullPolicy: IfNotPresent
        livenessProbe:
          exec:
            command:
            - wget
            - -q
            - -S
            - -O
            - '-'
            - http://localhost:8888/
          initialDelaySeconds: 3
          periodSeconds: 5
          timeoutSeconds: 2
        name: ml-pipeline-visualizationserver
        ports:
        - containerPort: 8888
          name: http
        readinessProbe:
          exec:
            command:
            - wget
            - -q
            - -S
            - -O
            - '-'
            - http://localhost:8888/
          initialDelaySeconds: 3
          periodSeconds: 5
          timeoutSeconds: 2
      serviceAccountName: ml-pipeline-visualizationserver
