apiVersion: rbac.authorization.k8s.io/v1
kind: Role
metadata:
  labels:
    app: ml-pipeline
<<<<<<< HEAD
    app.kubernetes.io/component: ml-pipeline
    app.kubernetes.io/name: kubeflow-pipelines
=======
>>>>>>> 0dd7b24f049aaff540231bf73fe153c2397be890
  name: ml-pipeline
  namespace: kubeflow
rules:
- apiGroups:
  - ""
  resources:
  - pods
  verbs:
  - get
  - list
  - delete
- apiGroups:
  - argoproj.io
  resources:
  - workflows
  verbs:
  - create
  - get
  - list
  - watch
  - update
  - patch
  - delete
- apiGroups:
  - kubeflow.org
  resources:
  - scheduledworkflows
  verbs:
  - create
  - get
  - list
  - update
  - patch
  - delete
