apiVersion: v1
kind: ServiceAccount
metadata:
<<<<<<< HEAD
  labels:
    app.kubernetes.io/component: ml-pipeline
    app.kubernetes.io/name: kubeflow-pipelines
=======
>>>>>>> 0dd7b24f049aaff540231bf73fe153c2397be890
  name: kubeflow-pipelines-cache-deployer-sa
  namespace: kubeflow
