apiVersion: apps/v1
kind: Deployment
metadata:
  labels:
    app: ml-pipeline-persistenceagent
<<<<<<< HEAD
    app.kubernetes.io/component: ml-pipeline
    app.kubernetes.io/name: kubeflow-pipelines
=======
>>>>>>> 0dd7b24f049aaff540231bf73fe153c2397be890
  name: ml-pipeline-persistenceagent
  namespace: kubeflow
spec:
  selector:
    matchLabels:
      app: ml-pipeline-persistenceagent
<<<<<<< HEAD
      app.kubernetes.io/component: ml-pipeline
      app.kubernetes.io/name: kubeflow-pipelines
=======
>>>>>>> 0dd7b24f049aaff540231bf73fe153c2397be890
  template:
    metadata:
      labels:
        app: ml-pipeline-persistenceagent
<<<<<<< HEAD
        app.kubernetes.io/component: ml-pipeline
        app.kubernetes.io/name: kubeflow-pipelines
=======
>>>>>>> 0dd7b24f049aaff540231bf73fe153c2397be890
    spec:
      containers:
      - env:
        - name: NAMESPACE
<<<<<<< HEAD
          value: ""
        image: gcr.io/ml-pipeline/persistenceagent:1.0.0
=======
          valueFrom:
            fieldRef:
              fieldPath: metadata.namespace
        image: gcr.io/ml-pipeline/persistenceagent:1.0.0-rc.2
>>>>>>> 0dd7b24f049aaff540231bf73fe153c2397be890
        imagePullPolicy: IfNotPresent
        name: ml-pipeline-persistenceagent
      serviceAccountName: ml-pipeline-persistenceagent
