apiVersion: rbac.authorization.k8s.io/v1
kind: RoleBinding
metadata:
  labels:
    app: ml-pipeline
<<<<<<< HEAD
    app.kubernetes.io/component: ml-pipeline
    app.kubernetes.io/name: kubeflow-pipelines
=======
>>>>>>> 0dd7b24f049aaff540231bf73fe153c2397be890
  name: ml-pipeline
  namespace: kubeflow
roleRef:
  apiGroup: rbac.authorization.k8s.io
  kind: Role
  name: ml-pipeline
subjects:
- kind: ServiceAccount
  name: ml-pipeline
  namespace: kubeflow
