apiVersion: rbac.authorization.k8s.io/v1
kind: Role
metadata:
<<<<<<< HEAD
  labels:
    app.kubernetes.io/component: ml-pipeline
    app.kubernetes.io/name: kubeflow-pipelines
=======
>>>>>>> 0dd7b24f049aaff540231bf73fe153c2397be890
  name: ml-pipeline-viewer-controller-role
  namespace: kubeflow
rules:
- apiGroups:
  - '*'
  resources:
  - deployments
  - services
  verbs:
  - create
  - get
  - list
  - watch
  - update
  - patch
  - delete
- apiGroups:
  - kubeflow.org
  resources:
  - viewers
  verbs:
  - create
  - get
  - list
  - watch
  - update
  - patch
  - delete
