apiVersion: v1
data:
  metrics-collector-sidecar: |-
    {
      "StdOut": {
<<<<<<< HEAD
        "image": "gcr.io/kubeflow-images-public/katib/v1alpha3/file-metrics-collector:ce89cbf"
      },
      "File": {
        "image": "gcr.io/kubeflow-images-public/katib/v1alpha3/file-metrics-collector:ce89cbf"
      },
      "TensorFlowEvent": {
        "image": "gcr.io/kubeflow-images-public/katib/v1alpha3/tfevent-metrics-collector:ce89cbf",
=======
        "image": "gcr.io/kubeflow-images-public/katib/v1alpha3/file-metrics-collector:917164a"
      },
      "File": {
        "image": "gcr.io/kubeflow-images-public/katib/v1alpha3/file-metrics-collector:917164a"
      },
      "TensorFlowEvent": {
        "image": "gcr.io/kubeflow-images-public/katib/v1alpha3/tfevent-metrics-collector:917164a",
>>>>>>> 0dd7b24f049aaff540231bf73fe153c2397be890
        "resources": {
          "limits": {
            "memory": "1Gi"
          }
        }
      }
    }
  suggestion: |-
    {
      "random": {
<<<<<<< HEAD
        "image": "gcr.io/kubeflow-images-public/katib/v1alpha3/suggestion-hyperopt:ce89cbf"
      },
      "grid": {
        "image": "gcr.io/kubeflow-images-public/katib/v1alpha3/suggestion-chocolate:ce89cbf"
      },
      "hyperband": {
        "image": "gcr.io/kubeflow-images-public/katib/v1alpha3/suggestion-hyperband:ce89cbf"
      },
      "bayesianoptimization": {
        "image": "gcr.io/kubeflow-images-public/katib/v1alpha3/suggestion-skopt:ce89cbf"
      },
      "tpe": {
        "image": "gcr.io/kubeflow-images-public/katib/v1alpha3/suggestion-hyperopt:ce89cbf"
      },
      "enas": {
        "image": "gcr.io/kubeflow-images-public/katib/v1alpha3/suggestion-enas:ce89cbf",
=======
        "image": "gcr.io/kubeflow-images-public/katib/v1alpha3/suggestion-hyperopt:917164a"
      },
      "grid": {
        "image": "gcr.io/kubeflow-images-public/katib/v1alpha3/suggestion-chocolate:917164a"
      },
      "hyperband": {
        "image": "gcr.io/kubeflow-images-public/katib/v1alpha3/suggestion-hyperband:917164a"
      },
      "bayesianoptimization": {
        "image": "gcr.io/kubeflow-images-public/katib/v1alpha3/suggestion-skopt:917164a"
      },
      "tpe": {
        "image": "gcr.io/kubeflow-images-public/katib/v1alpha3/suggestion-hyperopt:917164a"
      },
      "enas": {
        "image": "gcr.io/kubeflow-images-public/katib/v1alpha3/suggestion-enas:917164a",
>>>>>>> 0dd7b24f049aaff540231bf73fe153c2397be890
        "imagePullPolicy": "Always",
        "resources": {
          "limits": {
            "memory": "200Mi"
          }
        }
      },
      "cmaes": {
<<<<<<< HEAD
        "image": "gcr.io/kubeflow-images-public/katib/v1alpha3/suggestion-goptuna:ce89cbf"
      },
      "darts": {
        "image": "gcr.io/kubeflow-images-public/katib/v1alpha3/suggestion-darts:ce89cbf"
=======
        "image": "gcr.io/kubeflow-images-public/katib/v1alpha3/suggestion-goptuna:917164a"
      },
      "darts": {
        "image": "gcr.io/kubeflow-images-public/katib/v1alpha3/suggestion-darts:917164a"
>>>>>>> 0dd7b24f049aaff540231bf73fe153c2397be890
      }
    }
kind: ConfigMap
metadata:
  labels:
    app.kubernetes.io/component: katib
    app.kubernetes.io/name: katib-controller
  name: katib-config
  namespace: kubeflow
