apiVersion: v1
kind: Service
metadata:
<<<<<<< HEAD
  labels:
    app.kubernetes.io/component: ml-pipeline
    app.kubernetes.io/name: kubeflow-pipelines
=======
>>>>>>> 0dd7b24f049aaff540231bf73fe153c2397be890
  name: ml-pipeline-visualizationserver
  namespace: kubeflow
spec:
  ports:
  - name: http
    port: 8888
    protocol: TCP
    targetPort: 8888
  selector:
    app: ml-pipeline-visualizationserver
<<<<<<< HEAD
    app.kubernetes.io/component: ml-pipeline
    app.kubernetes.io/name: kubeflow-pipelines
=======
>>>>>>> 0dd7b24f049aaff540231bf73fe153c2397be890
