apiVersion: v1
kind: Service
metadata:
<<<<<<< HEAD
  labels:
    app.kubernetes.io/component: ml-pipeline
    app.kubernetes.io/name: kubeflow-pipelines
=======
>>>>>>> 0dd7b24f049aaff540231bf73fe153c2397be890
  name: cache-server
  namespace: kubeflow
spec:
  ports:
  - port: 443
    targetPort: webhook-api
  selector:
    app: cache-server
<<<<<<< HEAD
    app.kubernetes.io/component: ml-pipeline
    app.kubernetes.io/name: kubeflow-pipelines
=======
>>>>>>> 0dd7b24f049aaff540231bf73fe153c2397be890
