apiVersion: v1
kind: ServiceAccount
metadata:
  annotations:
    iam.gke.io/gcp-service-account: name-user@project-id.iam.gserviceaccount.com
<<<<<<< HEAD
  labels:
    app.kubernetes.io/component: ml-pipeline
    app.kubernetes.io/name: kubeflow-pipelines
=======
>>>>>>> 0dd7b24f049aaff540231bf73fe153c2397be890
  name: ml-pipeline-visualizationserver
  namespace: kubeflow
