apiVersion: apps/v1
kind: Deployment
metadata:
  labels:
    app: centraldashboard
    app.kubernetes.io/component: centraldashboard
    app.kubernetes.io/name: centraldashboard
  name: centraldashboard
  namespace: kubeflow
spec:
  replicas: 1
  selector:
    matchLabels:
      app: centraldashboard
      app.kubernetes.io/component: centraldashboard
      app.kubernetes.io/name: centraldashboard
  template:
    metadata:
      annotations:
        sidecar.istio.io/inject: "false"
      labels:
        app: centraldashboard
        app.kubernetes.io/component: centraldashboard
        app.kubernetes.io/name: centraldashboard
    spec:
      containers:
      - env:
        - name: USERID_HEADER
          valueFrom:
            configMapKeyRef:
              key: userid-header
<<<<<<< HEAD
              name: kubeflow-config-bmh8k74f52
=======
              name: kubeflow-config-4bkkg42k5m
>>>>>>> 0dd7b24f049aaff540231bf73fe153c2397be890
        - name: USERID_PREFIX
          valueFrom:
            configMapKeyRef:
              key: userid-prefix
<<<<<<< HEAD
              name: kubeflow-config-bmh8k74f52
        image: gcr.io/kubeflow-images-public/centraldashboard:vmaster-gd601b2d0
=======
              name: kubeflow-config-4bkkg42k5m
        image: gcr.io/kubeflow-images-public/centraldashboard:vmaster-gf39279c0
>>>>>>> 0dd7b24f049aaff540231bf73fe153c2397be890
        imagePullPolicy: IfNotPresent
        livenessProbe:
          httpGet:
            path: /healthz
            port: 8082
          initialDelaySeconds: 30
          periodSeconds: 30
        name: centraldashboard
        ports:
        - containerPort: 8082
          protocol: TCP
      serviceAccountName: centraldashboard
