apiVersion: v1
data:
  password: ""
  username: cm9vdA==
kind: Secret
metadata:
<<<<<<< HEAD
  labels:
    app.kubernetes.io/component: ml-pipeline
    app.kubernetes.io/name: kubeflow-pipelines
=======
>>>>>>> 0dd7b24f049aaff540231bf73fe153c2397be890
  name: mysql-secret-fd5gktm75t
  namespace: kubeflow
type: Opaque
